// Jest Snapshot v1, https://goo.gl/fbAQLP

exports[`renders homepage 1`] = `
<WithStyles(ForwardRef(TableContainer))>
  <ShowColumnsFilter
    showColumns={[Function]}
  />
  <WithStyles(ForwardRef(Table))>
    <WithStyles(ForwardRef(TableHead))>
      <WithStyles(ForwardRef(TableRow))>
        <WithStyles(ForwardRef(TableCell))
          key="levelOfSupport"
          onClick={[Function]}
        >
          Level of Support
            
        </WithStyles(ForwardRef(TableCell))>
        <WithStyles(ForwardRef(TableCell))
          key="title"
          onClick={[Function]}
        >
          Title
            
        </WithStyles(ForwardRef(TableCell))>
        <WithStyles(ForwardRef(TableCell))
          key="author"
          onClick={[Function]}
        >
          Author
            
        </WithStyles(ForwardRef(TableCell))>
        <WithStyles(ForwardRef(TableCell))
          key="year"
          onClick={[Function]}
        >
          Year
            
        </WithStyles(ForwardRef(TableCell))>
        <WithStyles(ForwardRef(TableCell))
          key="recordType"
          onClick={[Function]}
        >
          Type
            
        </WithStyles(ForwardRef(TableCell))>
        <WithStyles(ForwardRef(TableCell))
          key="journal"
          onClick={[Function]}
        >
          Journal
            
        </WithStyles(ForwardRef(TableCell))>
        <WithStyles(ForwardRef(TableCell))
          key="publisher"
          onClick={[Function]}
        >
          Publisher
            
        </WithStyles(ForwardRef(TableCell))>
        <WithStyles(ForwardRef(TableCell))
          key="sePractice"
          onClick={[Function]}
        >
          SE Practice
            
        </WithStyles(ForwardRef(TableCell))>
        <WithStyles(ForwardRef(TableCell))
          key="claims"
          onClick={[Function]}
        >
          Claims
            
        </WithStyles(ForwardRef(TableCell))>
      </WithStyles(ForwardRef(TableRow))>
    </WithStyles(ForwardRef(TableHead))>
    <WithStyles(ForwardRef(TableBody))>
      <SearchResultRow
        chosenColumns={
          Array [
            "levelOfSupport",
            "title",
            "author",
            "year",
            "recordType",
            "journal",
            "publisher",
            "sePractice",
            "claims",
          ]
        }
        evidence={
          Object {
            "_id": "1",
            "author": "author 1",
            "claims": Array [
              "code quality",
              "team confidence",
              "product quality",
            ],
            "journal": "IEEE",
            "publisher": "IEEE",
            "recordType": "reference paper",
            "sePractice": "TDD",
            "title": "title 1",
            "year": "2020",
          }
        }
        key="1"
      />
    </WithStyles(ForwardRef(TableBody))>
  </WithStyles(ForwardRef(Table))>
</WithStyles(ForwardRef(TableContainer))>
`;
