// Jest Snapshot v1, https://goo.gl/fbAQLP

exports[`renders homepage 1`] = `
<WithStyles(ForwardRef(Container))>
  <form
    onSubmit={[Function]}
  >
    <WithStyles(ForwardRef(Grid))
      container={true}
      spacing={3}
    >
      <WithStyles(ForwardRef(Grid))
        item={true}
        xs={3}
      >
        <WithStyles(ForwardRef(InputLabel))>
          SE Practice
        </WithStyles(ForwardRef(InputLabel))>
      </WithStyles(ForwardRef(Grid))>
      <WithStyles(ForwardRef(Grid))
        item={true}
        xs={3}
      >
        <WithStyles(ForwardRef(Select))
          fullWidth={true}
          label="SE Practice"
          onChange={[Function]}
          value=""
        >
          <WithStyles(ForwardRef(MenuItem))
            value=""
          >
             
          </WithStyles(ForwardRef(MenuItem))>
          <WithStyles(ForwardRef(MenuItem))
            key=""
            value=""
          />
          <WithStyles(ForwardRef(MenuItem))
            key="TDD"
            value="TDD"
          >
            TDD
          </WithStyles(ForwardRef(MenuItem))>
        </WithStyles(ForwardRef(Select))>
      </WithStyles(ForwardRef(Grid))>
      <WithStyles(ForwardRef(Grid))
        item={true}
        xs={3}
      >
        <WithStyles(ForwardRef(InputLabel))>
          Claimed Benefits
        </WithStyles(ForwardRef(InputLabel))>
      </WithStyles(ForwardRef(Grid))>
      <WithStyles(ForwardRef(Grid))
        item={true}
        xs={3}
      >
        <WithStyles(ForwardRef(Select))
          fullWidth={true}
          label="Claimed Benefits"
          multiple={true}
          onChange={[Function]}
          value={Array []}
        >
          <WithStyles(ForwardRef(MenuItem))
            value=""
          >
            All
          </WithStyles(ForwardRef(MenuItem))>
        </WithStyles(ForwardRef(Select))>
      </WithStyles(ForwardRef(Grid))>
      <WithStyles(ForwardRef(Grid))
        item={true}
        xs={2}
      >
        <WithStyles(ForwardRef(InputLabel))>
          This year
        </WithStyles(ForwardRef(InputLabel))>
        <WithStyles(ForwardRef(Radio))
          checked={true}
          inputProps={
            Object {
              "aria-label": "This year",
            }
          }
          name="yearOption"
          onChange={[Function]}
          value={1}
        />
      </WithStyles(ForwardRef(Grid))>
      <WithStyles(ForwardRef(Grid))
        item={true}
        xs={2}
      >
        <WithStyles(ForwardRef(InputLabel))>
          Last 3 years
        </WithStyles(ForwardRef(InputLabel))>
        <WithStyles(ForwardRef(Radio))
          checked={false}
          inputProps={
            Object {
              "aria-label": "Last 3 years",
            }
          }
          name="yearOption"
          onChange={[Function]}
          value={3}
        />
      </WithStyles(ForwardRef(Grid))>
      <WithStyles(ForwardRef(Grid))
        item={true}
        xs={2}
      >
        <WithStyles(ForwardRef(InputLabel))>
          Last 5 years
        </WithStyles(ForwardRef(InputLabel))>
        <WithStyles(ForwardRef(Radio))
          checked={false}
          inputProps={
            Object {
              "aria-label": "Last 5 years",
            }
          }
          name="yearOption"
          onChange={[Function]}
          value={5}
        />
      </WithStyles(ForwardRef(Grid))>
      <WithStyles(ForwardRef(Grid))
        item={true}
        xs={2}
      >
        <WithStyles(ForwardRef(InputLabel))>
          Custom
        </WithStyles(ForwardRef(InputLabel))>
        <WithStyles(ForwardRef(Radio))
          checked={false}
          inputProps={
            Object {
              "aria-label": "Custom",
            }
          }
          name="yearOption"
          onChange={[Function]}
          value={0}
        />
      </WithStyles(ForwardRef(Grid))>
      <WithStyles(ForwardRef(Grid))
        item={true}
        xs={2}
      >
        <WithStyles(ForwardRef(InputLabel))>
          Year 
          2000 - 2020
        </WithStyles(ForwardRef(InputLabel))>
      </WithStyles(ForwardRef(Grid))>
      <WithStyles(ForwardRef(Grid))
        item={true}
        xs={2}
      >
        <WithStyles(ForwardRef(Slider))
          aria-labelledby="range-slider"
          disabled={true}
          max={2020}
          min={2000}
          onChange={[Function]}
          value={
            Array [
              2000,
              2020,
            ]
          }
          valueLabelDisplay="auto"
        />
      </WithStyles(ForwardRef(Grid))>
      <WithStyles(ForwardRef(Grid))
        item={true}
        xs={2}
      >
        <WithStyles(ForwardRef(Button))
          color="primary"
          type="submit"
          variant="contained"
        >
          Search
        </WithStyles(ForwardRef(Button))>
      </WithStyles(ForwardRef(Grid))>
      <WithStyles(ForwardRef(Grid))
        item={true}
        xs={2}
      >
        <Link
          to="/create"
        >
          Submit new article
        </Link>
      </WithStyles(ForwardRef(Grid))>
    </WithStyles(ForwardRef(Grid))>
  </form>
  <SearchResult
    direction={1}
    evidences={Array []}
    sortHandler={[Function]}
  />
</WithStyles(ForwardRef(Container))>
`;
