// Jest Snapshot v1, https://goo.gl/fbAQLP

exports[`renders create container 1`] = `
<WithStyles(ForwardRef(Container))
  maxWidth="sm"
>
  <Link
    to="/"
  >
    Back to search
  </Link>
  <Styled(MuiBox)
    pb="40px"
    textAlign="center"
  >
    <h1>
      New Article
    </h1>
  </Styled(MuiBox)>
  <form
    onSubmit={[Function]}
  >
    <Styled(MuiBox)
      mb="20px"
    >
      <WithStyles(ForwardRef(InputLabel))>
        Bibtex File
      </WithStyles(ForwardRef(InputLabel))>
      <input
        accept="text/plain"
        id="uploadFile"
        onChange={[Function]}
        type="file"
      />
    </Styled(MuiBox)>
    <Styled(MuiBox)
      mb="20px"
    >
      <WithStyles(ForwardRef(InputLabel))>
        Author
      </WithStyles(ForwardRef(InputLabel))>
      <WithStyles(ForwardRef(TextField))
        fullWidth={true}
        onChange={[Function]}
      />
    </Styled(MuiBox)>
    <Styled(MuiBox)
      mb="20px"
    >
      <WithStyles(ForwardRef(InputLabel))>
        Title
      </WithStyles(ForwardRef(InputLabel))>
      <WithStyles(ForwardRef(TextField))
        fullWidth={true}
        onChange={[Function]}
        required={true}
      />
    </Styled(MuiBox)>
    <Styled(MuiBox)
      mb="20px"
    >
      <WithStyles(ForwardRef(InputLabel))>
        Journal
      </WithStyles(ForwardRef(InputLabel))>
      <WithStyles(ForwardRef(TextField))
        fullWidth={true}
        onChange={[Function]}
      />
    </Styled(MuiBox)>
    <Styled(MuiBox)
      mb="20px"
    >
      <WithStyles(ForwardRef(InputLabel))>
        Volume
      </WithStyles(ForwardRef(InputLabel))>
      <WithStyles(ForwardRef(TextField))
        onChange={[Function]}
        type="number"
      />
    </Styled(MuiBox)>
    <Styled(MuiBox)
      mb="20px"
    >
      <WithStyles(ForwardRef(InputLabel))>
        Year
      </WithStyles(ForwardRef(InputLabel))>
      <WithStyles(ForwardRef(TextField))
        onChange={[Function]}
        type="number"
      />
    </Styled(MuiBox)>
    <Styled(MuiBox)
      mb="20px"
    >
      <WithStyles(ForwardRef(InputLabel))>
        Number
      </WithStyles(ForwardRef(InputLabel))>
      <WithStyles(ForwardRef(TextField))
        onChange={[Function]}
        type="number"
      />
    </Styled(MuiBox)>
    <Styled(MuiBox)
      mb="20px"
    >
      <WithStyles(ForwardRef(InputLabel))>
        Pages
      </WithStyles(ForwardRef(InputLabel))>
      <WithStyles(ForwardRef(TextField))
        onChange={[Function]}
        type="text"
      />
    </Styled(MuiBox)>
    <Styled(MuiBox)
      mb="20px"
    >
      <WithStyles(ForwardRef(InputLabel))>
        DOI
      </WithStyles(ForwardRef(InputLabel))>
      <WithStyles(ForwardRef(TextField))
        fullWidth={true}
        onChange={[Function]}
      />
    </Styled(MuiBox)>
    <WithStyles(ForwardRef(Grid))
      item={true}
      xs={3}
    >
      <div
        style={
          Object {
            "marginBottom": "50px",
          }
        }
      >
        <td>
          <WithStyles(ForwardRef(Button))
            color="primary"
            type="submit"
            variant="contained"
          >
            Submit
          </WithStyles(ForwardRef(Button))>
        </td>
      </div>
    </WithStyles(ForwardRef(Grid))>
  </form>
</WithStyles(ForwardRef(Container))>
`;
